Command line invocation:
    /Applications/Xcode.app/Contents/Developer/usr/bin/xcodebuild -project /tmp/wt-proto-build-1/RedesignPrototype.xcodeproj -scheme RedesignPrototype -destination "platform=iOS Simulator,id=EB4328A1-87BD-4850-A3B2-A6E604701F1C" -derivedDataPath /tmp/wt-proto-dd-1 build

2026-09-27 20:39:55.617 xcodebuild[35689:24261469] [MT] IDERunDestination: Supported platforms for the buildables in the current scheme is empty.
ComputePackagePrebuildTargetDependencyGraph

Prepare packages

CreateBuildRequest

SendProjectDescription

CreateBuildOperation

ComputeTargetDependencyGraph
note: Building targets in dependency order
note: Target dependency graph (1 target)
    Target 'RedesignPrototype' in project 'RedesignPrototype' (no dependencies)

GatherProvisioningInputs

CreateBuildDescription

ExecuteExternalTool /Applications/Xcode.app/Contents/Developer/Toolchains/XcodeDefault.xctoolchain/usr/bin/clang -v -E -dM -isysroot /Applications/Xcode.app/Contents/Developer/Platforms/iPhoneSimulator.platform/Developer/SDKs/iPhoneSimulator27.0.sdk -x c -c /dev/null

ExecuteExternalTool /Applications/Xcode.app/Contents/Developer/usr/bin/actool --print-asset-tag-combinations --output-format xml1 /tmp/wt-proto-build-1/Sources/Assets.xcassets

ExecuteExternalTool /Applications/Xcode.app/Contents/Developer/usr/bin/actool --version --output-format xml1

ExecuteExternalTool /Applications/Xcode.app/Contents/Developer/Toolchains/XcodeDefault.xctoolchain/usr/bin/swiftc --version

ExecuteExternalTool /Applications/Xcode.app/Contents/Developer/Toolchains/XcodeDefault.xctoolchain/usr/bin/ld -version_details

Build description signature: d5a0a030fe73326ad5d4f9e7c62c9544
Build description path: /tmp/wt-proto-dd-1/Build/Intermediates.noindex/XCBuildData/d5a0a030fe73326ad5d4f9e7c62c9544.xcbuilddata
ClangStatCache /Applications/Xcode.app/Contents/Developer/Toolchains/XcodeDefault.xctoolchain/usr/bin/clang-stat-cache /Applications/Xcode.app/Contents/Developer/Platforms/iPhoneSimulator.platform/Developer/SDKs/iPhoneSimulator27.0.sdk /tmp/wt-proto-dd-1/SDKStatCaches.noindex/iphonesimulator27.0-24A430-8dc58220667be655e1bcc261a7455254.sdkstatcache
    cd /tmp/wt-proto-build-1/RedesignPrototype.xcodeproj
    /Applications/Xcode.app/Contents/Developer/Toolchains/XcodeDefault.xctoolchain/usr/bin/clang-stat-cache /Applications/Xcode.app/Contents/Developer/Platforms/iPhoneSimulator.platform/Developer/SDKs/iPhoneSimulator27.0.sdk -o /tmp/wt-proto-dd-1/SDKStatCaches.noindex/iphonesimulator27.0-24A430-8dc58220667be655e1bcc261a7455254.sdkstatcache

ProcessInfoPlistFile /tmp/wt-proto-dd-1/Build/Products/Debug-iphonesimulator/RedesignPrototype.app/Info.plist /tmp/wt-proto-dd-1/Build/Intermediates.noindex/RedesignPrototype.build/Debug-iphonesimulator/RedesignPrototype.build/empty-RedesignPrototype.plist (in target 'RedesignPrototype' from project 'RedesignPrototype')
    cd /tmp/wt-proto-build-1
    builtin-infoPlistUtility /tmp/wt-proto-dd-1/Build/Intermediates.noindex/RedesignPrototype.build/Debug-iphonesimulator/RedesignPrototype.build/empty-RedesignPrototype.plist -producttype com.apple.product-type.application -genpkginfo /tmp/wt-proto-dd-1/Build/Products/Debug-iphonesimulator/RedesignPrototype.app/PkgInfo -expandbuildsettings -format binary -platform iphonesimulator -additionalcontentfile /tmp/wt-proto-dd-1/Build/Intermediates.noindex/RedesignPrototype.build/Debug-iphonesimulator/RedesignPrototype.build/assetcatalog_generated_info.plist -o /tmp/wt-proto-dd-1/Build/Products/Debug-iphonesimulator/RedesignPrototype.app/Info.plist

CopySwiftLibs /tmp/wt-proto-dd-1/Build/Products/Debug-iphonesimulator/RedesignPrototype.app (in target 'RedesignPrototype' from project 'RedesignPrototype')
    cd /tmp/wt-proto-build-1
    builtin-swiftStdLibTool --copy --verbose --sign - --scan-executable /tmp/wt-proto-dd-1/Build/Products/Debug-iphonesimulator/RedesignPrototype.app/RedesignPrototype.debug.dylib --scan-folder /tmp/wt-proto-dd-1/Build/Products/Debug-iphonesimulator/RedesignPrototype.app/Frameworks --scan-folder /tmp/wt-proto-dd-1/Build/Products/Debug-iphonesimulator/RedesignPrototype.app/PlugIns --scan-folder /tmp/wt-proto-dd-1/Build/Products/Debug-iphonesimulator/RedesignPrototype.app/SystemExtensions --scan-folder /tmp/wt-proto-dd-1/Build/Products/Debug-iphonesimulator/RedesignPrototype.app/Extensions --platform iphonesimulator --toolchain /Applications/Xcode.app/Contents/Developer/Toolchains/XcodeDefault.xctoolchain --destination /tmp/wt-proto-dd-1/Build/Products/Debug-iphonesimulator/RedesignPrototype.app/Frameworks --strip-bitcode --strip-bitcode-tool /Applications/Xcode.app/Contents/Developer/Toolchains/XcodeDefault.xctoolchain/usr/bin/bitcode_strip --emit-dependency-info /tmp/wt-proto-dd-1/Build/Intermediates.noindex/RedesignPrototype.build/Debug-iphonesimulator/RedesignPrototype.build/SwiftStdLibToolInputDependencies.dep --filter-for-swift-os

PruneExplicitPrecompiledModules /tmp/wt-proto-dd-1/Build/Intermediates.noindex/ExplicitPrecompiledModules

PruneExplicitPrecompiledModules /tmp/wt-proto-dd-1/Build/Intermediates.noindex/SwiftExplicitPrecompiledModules

PruneExplicitPrecompiledModules /tmp/wt-proto-dd-1/SDKExplicitPrecompiledModules

** BUILD SUCCEEDED **

