slot 0 (sim 9B1D17D2-347F-431C-AC6D-F019BAB675CA) acquired 04:28:10 for all
build ok
/tmp/wt-floodlight/ai-routine/work-record/redesign-floodlight/reference/prototype-ai/dark/A01-final.png
/tmp/wt-floodlight/ai-routine/work-record/redesign-floodlight/reference/prototype-ai/dark/A01-final-axl.png
/tmp/wt-floodlight/ai-routine/work-record/redesign-floodlight/reference/prototype-ai/dark/A01-p2-final.png
/tmp/wt-floodlight/ai-routine/work-record/redesign-floodlight/reference/prototype-ai/dark/A01-p2-final-axl.png
/tmp/wt-floodlight/ai-routine/work-record/redesign-floodlight/reference/prototype-ai/dark/A01-empty-final.png
/tmp/wt-floodlight/ai-routine/work-record/redesign-floodlight/reference/prototype-ai/dark/A01-empty-final-axl.png
/tmp/wt-floodlight/ai-routine/work-record/redesign-floodlight/reference/prototype-ai/dark/A02-final.png
/tmp/wt-floodlight/ai-routine/work-record/redesign-floodlight/reference/prototype-ai/dark/A02-final-axl.png
/tmp/wt-floodlight/ai-routine/work-record/redesign-floodlight/reference/prototype-ai/dark/A02-p2-final.png
/tmp/wt-floodlight/ai-routine/work-record/redesign-floodlight/reference/prototype-ai/dark/A02-p2-final-axl.png
/tmp/wt-floodlight/ai-routine/work-record/redesign-floodlight/reference/prototype-ai/dark/A02-consentOff-final.png
/tmp/wt-floodlight/ai-routine/work-record/redesign-floodlight/reference/prototype-ai/dark/A02-consentOff-final-axl.png
/tmp/wt-floodlight/ai-routine/work-record/redesign-floodlight/reference/prototype-ai/dark/A02-noKey-final.png
/tmp/wt-floodlight/ai-routine/work-record/redesign-floodlight/reference/prototype-ai/dark/A02-noKey-final-axl.png
/tmp/wt-floodlight/ai-routine/work-record/redesign-floodlight/reference/prototype-ai/dark/A02-hotel-final.png
/tmp/wt-floodlight/ai-routine/work-record/redesign-floodlight/reference/prototype-ai/dark/A02-hotel-final-axl.png
/tmp/wt-floodlight/ai-routine/work-record/redesign-floodlight/reference/prototype-ai/dark/A03-final.png
/tmp/wt-floodlight/ai-routine/work-record/redesign-floodlight/reference/prototype-ai/dark/A03-final-axl.png
/tmp/wt-floodlight/ai-routine/work-record/redesign-floodlight/reference/prototype-ai/dark/A03-balancing-final.png
/tmp/wt-floodlight/ai-routine/work-record/redesign-floodlight/reference/prototype-ai/dark/A03-balancing-final-axl.png
/tmp/wt-floodlight/ai-routine/work-record/redesign-floodlight/reference/prototype-ai/dark/A03-failure-final.png
/tmp/wt-floodlight/ai-routine/work-record/redesign-floodlight/reference/prototype-ai/dark/A03-failure-final-axl.png
/tmp/wt-floodlight/ai-routine/work-record/redesign-floodlight/reference/prototype-ai/dark/A04-final.png
/tmp/wt-floodlight/ai-routine/work-record/redesign-floodlight/reference/prototype-ai/dark/A04-final-axl.png
/tmp/wt-floodlight/ai-routine/work-record/redesign-floodlight/reference/prototype-ai/dark/A04-p2-final.png
/tmp/wt-floodlight/ai-routine/work-record/redesign-floodlight/reference/prototype-ai/dark/A04-p2-final-axl.png
/tmp/wt-floodlight/ai-routine/work-record/redesign-floodlight/reference/prototype-ai/dark/A04-saved-final.png
/tmp/wt-floodlight/ai-routine/work-record/redesign-floodlight/reference/prototype-ai/dark/A04-saved-final-axl.png
/tmp/wt-floodlight/ai-routine/work-record/redesign-floodlight/reference/prototype-ai/dark/A04-discard-final.png
/tmp/wt-floodlight/ai-routine/work-record/redesign-floodlight/reference/prototype-ai/dark/A04-discard-final-axl.png
/tmp/wt-floodlight/ai-routine/work-record/redesign-floodlight/reference/prototype-ai/dark/A05-final.png
/tmp/wt-floodlight/ai-routine/work-record/redesign-floodlight/reference/prototype-ai/dark/A05-final-axl.png
/tmp/wt-floodlight/ai-routine/work-record/redesign-floodlight/reference/prototype-ai/dark/A05-p2-final.png
/tmp/wt-floodlight/ai-routine/work-record/redesign-floodlight/reference/prototype-ai/dark/A05-p2-final-axl.png
/tmp/wt-floodlight/ai-routine/work-record/redesign-floodlight/reference/prototype-ai/dark/A05-picker-final.png
/tmp/wt-floodlight/ai-routine/work-record/redesign-floodlight/reference/prototype-ai/dark/A05-picker-final-axl.png
/tmp/wt-floodlight/ai-routine/work-record/redesign-floodlight/reference/prototype-ai/dark/A05-removed-final.png
/tmp/wt-floodlight/ai-routine/work-record/redesign-floodlight/reference/prototype-ai/dark/A05-removed-final-axl.png
