Command line invocation:
    /Applications/Xcode.app/Contents/Developer/usr/bin/xcodebuild -project /tmp/wt-proto-build-0/RedesignPrototype.xcodeproj -scheme RedesignPrototype -destination "platform=iOS Simulator,id=9B1D17D2-347F-431C-AC6D-F019BAB675CA" -derivedDataPath /tmp/wt-proto-dd-0 build

2026-09-28 17:37:06.136 xcodebuild[53077:27761636] [MT] IDERunDestination: Supported platforms for the buildables in the current scheme is empty.
ComputePackagePrebuildTargetDependencyGraph

Prepare packages

CreateBuildRequest

SendProjectDescription

CreateBuildOperation

ComputeTargetDependencyGraph
note: Building targets in dependency order
note: Target dependency graph (1 target)
    Target 'RedesignPrototype' in project 'RedesignPrototype' (no dependencies)

GatherProvisioningInputs

CreateBuildDescription

ExecuteExternalTool /Applications/Xcode.app/Contents/Developer/Toolchains/XcodeDefault.xctoolchain/usr/bin/clang -v -E -dM -isysroot /Applications/Xcode.app/Contents/Developer/Platforms/iPhoneSimulator.platform/Developer/SDKs/iPhoneSimulator27.0.sdk -x c -c /dev/null

ExecuteExternalTool /Applications/Xcode.app/Contents/Developer/usr/bin/actool --print-asset-tag-combinations --output-format xml1 /tmp/wt-proto-build-0/Sources/Assets.xcassets

ExecuteExternalTool /Applications/Xcode.app/Contents/Developer/usr/bin/actool --version --output-format xml1

ExecuteExternalTool /Applications/Xcode.app/Contents/Developer/Toolchains/XcodeDefault.xctoolchain/usr/bin/swiftc --version

ExecuteExternalTool /Applications/Xcode.app/Contents/Developer/Toolchains/XcodeDefault.xctoolchain/usr/bin/ld -version_details

Build description signature: 4b5d38b7e6ae852a48dc657127a94dd3
Build description path: /tmp/wt-proto-dd-0/Build/Intermediates.noindex/XCBuildData/4b5d38b7e6ae852a48dc657127a94dd3.xcbuilddata
ClangStatCache /Applications/Xcode.app/Contents/Developer/Toolchains/XcodeDefault.xctoolchain/usr/bin/clang-stat-cache /Applications/Xcode.app/Contents/Developer/Platforms/iPhoneSimulator.platform/Developer/SDKs/iPhoneSimulator27.0.sdk /tmp/wt-proto-dd-0/SDKStatCaches.noindex/iphonesimulator27.0-24A430-8dc58220667be655e1bcc261a7455254.sdkstatcache
    cd /tmp/wt-proto-build-0/RedesignPrototype.xcodeproj
    /Applications/Xcode.app/Contents/Developer/Toolchains/XcodeDefault.xctoolchain/usr/bin/clang-stat-cache /Applications/Xcode.app/Contents/Developer/Platforms/iPhoneSimulator.platform/Developer/SDKs/iPhoneSimulator27.0.sdk -o /tmp/wt-proto-dd-0/SDKStatCaches.noindex/iphonesimulator27.0-24A430-8dc58220667be655e1bcc261a7455254.sdkstatcache

Ld /tmp/wt-proto-dd-0/Build/Products/Debug-iphonesimulator/RedesignPrototype.app/RedesignPrototype.debug.dylib normal (in target 'RedesignPrototype' from project 'RedesignPrototype')
    cd /tmp/wt-proto-build-0
    /Applications/Xcode.app/Contents/Developer/Toolchains/XcodeDefault.xctoolchain/usr/bin/clang -Xlinker -reproducible -target arm64-apple-ios26.0-simulator -dynamiclib -isysroot /Applications/Xcode.app/Contents/Developer/Platforms/iPhoneSimulator.platform/Developer/SDKs/iPhoneSimulator27.0.sdk -O0 -Xlinker -no_warn_duplicate_libraries -L/tmp/wt-proto-dd-0/Build/Intermediates.noindex/EagerLinkingTBDs/Debug-iphonesimulator -L/tmp/wt-proto-dd-0/Build/Products/Debug-iphonesimulator -F/tmp/wt-proto-dd-0/Build/Intermediates.noindex/EagerLinkingTBDs/Debug-iphonesimulator -F/tmp/wt-proto-dd-0/Build/Products/Debug-iphonesimulator -filelist /tmp/wt-proto-dd-0/Build/Intermediates.noindex/RedesignPrototype.build/Debug-iphonesimulator/RedesignPrototype.build/Objects-normal/arm64/RedesignPrototype.LinkFileList -install_name @rpath/RedesignPrototype.debug.dylib -Xlinker -rpath -Xlinker @executable_path/Frameworks -Xlinker -dead_strip -Xlinker -object_path_lto -Xlinker /tmp/wt-proto-dd-0/Build/Intermediates.noindex/RedesignPrototype.build/Debug-iphonesimulator/RedesignPrototype.build/Objects-normal/arm64/RedesignPrototype_lto.o -rdynamic -Xlinker -no_deduplicate -Xlinker -objc_abi_version -Xlinker 2 -Xlinker -dependency_info -Xlinker /tmp/wt-proto-dd-0/Build/Intermediates.noindex/RedesignPrototype.build/Debug-iphonesimulator/RedesignPrototype.build/Objects-normal/arm64/RedesignPrototype_dependency_info.dat -fobjc-link-runtime -L/Applications/Xcode.app/Contents/Developer/Toolchains/XcodeDefault.xctoolchain/usr/lib/swift/iphonesimulator -L/usr/lib/swift -Xlinker -add_ast_path -Xlinker /tmp/wt-proto-dd-0/Build/Intermediates.noindex/RedesignPrototype.build/Debug-iphonesimulator/RedesignPrototype.build/Objects-normal/arm64/RedesignPrototype.swiftmodule -Xlinker -alias -Xlinker _main -Xlinker ___debug_main_executable_dylib_entry_point -Xlinker -no_adhoc_codesign -o /tmp/wt-proto-dd-0/Build/Products/Debug-iphonesimulator/RedesignPrototype.app/RedesignPrototype.debug.dylib

Ld /tmp/wt-proto-dd-0/Build/Products/Debug-iphonesimulator/RedesignPrototype.app/__preview.dylib normal (in target 'RedesignPrototype' from project 'RedesignPrototype')
    cd /tmp/wt-proto-build-0
    /Applications/Xcode.app/Contents/Developer/Toolchains/XcodeDefault.xctoolchain/usr/bin/clang -Xlinker -reproducible -target arm64-apple-ios26.0-simulator -dynamiclib -isysroot /Applications/Xcode.app/Contents/Developer/Platforms/iPhoneSimulator.platform/Developer/SDKs/iPhoneSimulator27.0.sdk -O0 -Xlinker -no_warn_duplicate_libraries -L/tmp/wt-proto-dd-0/Build/Products/Debug-iphonesimulator -F/tmp/wt-proto-dd-0/Build/Products/Debug-iphonesimulator -install_name @rpath/RedesignPrototype.debug.dylib -Xlinker -dead_strip -rdynamic -Xlinker -no_deduplicate -Xlinker -objc_abi_version -Xlinker 2 -Xlinker -dependency_info -Xlinker /tmp/wt-proto-dd-0/Build/Intermediates.noindex/RedesignPrototype.build/Debug-iphonesimulator/RedesignPrototype.build/Objects-normal/arm64/RedesignPrototype_dependency_info.dat -Xlinker -sectcreate -Xlinker __TEXT -Xlinker __entitlements -Xlinker /tmp/wt-proto-dd-0/Build/Intermediates.noindex/RedesignPrototype.build/Debug-iphonesimulator/RedesignPrototype.build/RedesignPrototype.app-Simulated.xcent -Xlinker -sectcreate -Xlinker __TEXT -Xlinker __ents_der -Xlinker /tmp/wt-proto-dd-0/Build/Intermediates.noindex/RedesignPrototype.build/Debug-iphonesimulator/RedesignPrototype.build/RedesignPrototype.app-Simulated.xcent.der -Xlinker -no_adhoc_codesign -o /tmp/wt-proto-dd-0/Build/Products/Debug-iphonesimulator/RedesignPrototype.app/__preview.dylib

ConstructStubExecutorLinkFileList /tmp/wt-proto-dd-0/Build/Intermediates.noindex/RedesignPrototype.build/Debug-iphonesimulator/RedesignPrototype.build/RedesignPrototype-ExecutorLinkFileList-normal-arm64.txt (in target 'RedesignPrototype' from project 'RedesignPrototype')
    cd /tmp/wt-proto-build-0
    construct-stub-executor-link-file-list /tmp/wt-proto-dd-0/Build/Products/Debug-iphonesimulator/RedesignPrototype.app/RedesignPrototype.debug.dylib /Applications/Xcode.app/Contents/Developer/Platforms/iPhoneSimulator.platform/Developer/usr/lib/libPreviewsJITStubExecutor_no_swift_entry_point.a /Applications/Xcode.app/Contents/Developer/Platforms/iPhoneSimulator.platform/Developer/usr/lib/libPreviewsJITStubExecutor.a --output /tmp/wt-proto-dd-0/Build/Intermediates.noindex/RedesignPrototype.build/Debug-iphonesimulator/RedesignPrototype.build/RedesignPrototype-ExecutorLinkFileList-normal-arm64.txt
note: Using stub executor library with Swift entry point. (in target 'RedesignPrototype' from project 'RedesignPrototype')

Ld /tmp/wt-proto-dd-0/Build/Products/Debug-iphonesimulator/RedesignPrototype.app/RedesignPrototype normal (in target 'RedesignPrototype' from project 'RedesignPrototype')
    cd /tmp/wt-proto-build-0
    /Applications/Xcode.app/Contents/Developer/Toolchains/XcodeDefault.xctoolchain/usr/bin/clang -Xlinker -reproducible -target arm64-apple-ios26.0-simulator -isysroot /Applications/Xcode.app/Contents/Developer/Platforms/iPhoneSimulator.platform/Developer/SDKs/iPhoneSimulator27.0.sdk -O0 -Xlinker -no_warn_duplicate_libraries -L/tmp/wt-proto-dd-0/Build/Products/Debug-iphonesimulator -F/tmp/wt-proto-dd-0/Build/Products/Debug-iphonesimulator -Xlinker -rpath -Xlinker @executable_path -Xlinker -rpath -Xlinker @executable_path/Frameworks -rdynamic -Xlinker -no_deduplicate -Xlinker -objc_abi_version -Xlinker 2 -e ___debug_blank_executor_main -Xlinker -sectcreate -Xlinker __TEXT -Xlinker __debug_dylib -Xlinker /tmp/wt-proto-dd-0/Build/Intermediates.noindex/RedesignPrototype.build/Debug-iphonesimulator/RedesignPrototype.build/RedesignPrototype-DebugDylibPath-normal-arm64.txt -Xlinker -sectcreate -Xlinker __TEXT -Xlinker __debug_instlnm -Xlinker /tmp/wt-proto-dd-0/Build/Intermediates.noindex/RedesignPrototype.build/Debug-iphonesimulator/RedesignPrototype.build/RedesignPrototype-DebugDylibInstallName-normal-arm64.txt -Xlinker -filelist -Xlinker /tmp/wt-proto-dd-0/Build/Intermediates.noindex/RedesignPrototype.build/Debug-iphonesimulator/RedesignPrototype.build/RedesignPrototype-ExecutorLinkFileList-normal-arm64.txt -Xlinker -sectcreate -Xlinker __TEXT -Xlinker __entitlements -Xlinker /tmp/wt-proto-dd-0/Build/Intermediates.noindex/RedesignPrototype.build/Debug-iphonesimulator/RedesignPrototype.build/RedesignPrototype.app-Simulated.xcent -Xlinker -sectcreate -Xlinker __TEXT -Xlinker __ents_der -Xlinker /tmp/wt-proto-dd-0/Build/Intermediates.noindex/RedesignPrototype.build/Debug-iphonesimulator/RedesignPrototype.build/RedesignPrototype.app-Simulated.xcent.der /tmp/wt-proto-dd-0/Build/Products/Debug-iphonesimulator/RedesignPrototype.app/RedesignPrototype.debug.dylib -Xlinker -no_adhoc_codesign -o /tmp/wt-proto-dd-0/Build/Products/Debug-iphonesimulator/RedesignPrototype.app/RedesignPrototype

ExtractAppIntentsMetadata (in target 'RedesignPrototype' from project 'RedesignPrototype')
    cd /tmp/wt-proto-build-0
    /Applications/Xcode.app/Contents/Developer/Toolchains/XcodeDefault.xctoolchain/usr/bin/appintentsmetadataprocessor --toolchain-dir /Applications/Xcode.app/Contents/Developer/Toolchains/XcodeDefault.xctoolchain --module-name RedesignPrototype --sdk-root /Applications/Xcode.app/Contents/Developer/Platforms/iPhoneSimulator.platform/Developer/SDKs/iPhoneSimulator27.0.sdk --xcode-version 27A266a --platform-family iOS --deployment-target 26.0 --bundle-identifier com.ericlee4992.workouttracker.redesignprototype --output /tmp/wt-proto-dd-0/Build/Products/Debug-iphonesimulator/RedesignPrototype.app --target-triple arm64-apple-ios26.0-simulator --binary-file /tmp/wt-proto-dd-0/Build/Products/Debug-iphonesimulator/RedesignPrototype.app/RedesignPrototype --dependency-file /tmp/wt-proto-dd-0/Build/Intermediates.noindex/RedesignPrototype.build/Debug-iphonesimulator/RedesignPrototype.build/Objects-normal/arm64/RedesignPrototype_dependency_info.dat --stringsdata-file /tmp/wt-proto-dd-0/Build/Intermediates.noindex/RedesignPrototype.build/Debug-iphonesimulator/RedesignPrototype.build/Objects-normal/arm64/ExtractedAppShortcutsMetadata.stringsdata --source-file-list /tmp/wt-proto-dd-0/Build/Intermediates.noindex/RedesignPrototype.build/Debug-iphonesimulator/RedesignPrototype.build/Objects-normal/arm64/RedesignPrototype.SwiftFileList --metadata-file-list /tmp/wt-proto-dd-0/Build/Intermediates.noindex/RedesignPrototype.build/Debug-iphonesimulator/RedesignPrototype.build/RedesignPrototype.DependencyMetadataFileList --static-metadata-file-list /tmp/wt-proto-dd-0/Build/Intermediates.noindex/RedesignPrototype.build/Debug-iphonesimulator/RedesignPrototype.build/RedesignPrototype.DependencyStaticMetadataFileList --swift-const-vals-list /tmp/wt-proto-dd-0/Build/Intermediates.noindex/RedesignPrototype.build/Debug-iphonesimulator/RedesignPrototype.build/Objects-normal/arm64/RedesignPrototype.SwiftConstValuesFileList --compile-time-extraction --deployment-aware-processing --no-app-shortcuts-localization
2026-09-28 17:37:11.187 appintentsmetadataprocessor[53677:27763082] Starting appintentsmetadataprocessor export
2026-09-28 17:37:11.193 appintentsmetadataprocessor[53677:27763082] warning: Metadata extraction skipped, no AppIntents.framework dependency found

CopySwiftLibs /tmp/wt-proto-dd-0/Build/Products/Debug-iphonesimulator/RedesignPrototype.app (in target 'RedesignPrototype' from project 'RedesignPrototype')
    cd /tmp/wt-proto-build-0
    builtin-swiftStdLibTool --copy --verbose --sign - --scan-executable /tmp/wt-proto-dd-0/Build/Products/Debug-iphonesimulator/RedesignPrototype.app/RedesignPrototype.debug.dylib --scan-folder /tmp/wt-proto-dd-0/Build/Products/Debug-iphonesimulator/RedesignPrototype.app/Frameworks --scan-folder /tmp/wt-proto-dd-0/Build/Products/Debug-iphonesimulator/RedesignPrototype.app/PlugIns --scan-folder /tmp/wt-proto-dd-0/Build/Products/Debug-iphonesimulator/RedesignPrototype.app/SystemExtensions --scan-folder /tmp/wt-proto-dd-0/Build/Products/Debug-iphonesimulator/RedesignPrototype.app/Extensions --platform iphonesimulator --toolchain /Applications/Xcode.app/Contents/Developer/Toolchains/XcodeDefault.xctoolchain --destination /tmp/wt-proto-dd-0/Build/Products/Debug-iphonesimulator/RedesignPrototype.app/Frameworks --strip-bitcode --strip-bitcode-tool /Applications/Xcode.app/Contents/Developer/Toolchains/XcodeDefault.xctoolchain/usr/bin/bitcode_strip --emit-dependency-info /tmp/wt-proto-dd-0/Build/Intermediates.noindex/RedesignPrototype.build/Debug-iphonesimulator/RedesignPrototype.build/SwiftStdLibToolInputDependencies.dep --filter-for-swift-os

ProcessInfoPlistFile /tmp/wt-proto-dd-0/Build/Products/Debug-iphonesimulator/RedesignPrototype.app/Info.plist /tmp/wt-proto-dd-0/Build/Intermediates.noindex/RedesignPrototype.build/Debug-iphonesimulator/RedesignPrototype.build/empty-RedesignPrototype.plist (in target 'RedesignPrototype' from project 'RedesignPrototype')
    cd /tmp/wt-proto-build-0
    builtin-infoPlistUtility /tmp/wt-proto-dd-0/Build/Intermediates.noindex/RedesignPrototype.build/Debug-iphonesimulator/RedesignPrototype.build/empty-RedesignPrototype.plist -producttype com.apple.product-type.application -genpkginfo /tmp/wt-proto-dd-0/Build/Products/Debug-iphonesimulator/RedesignPrototype.app/PkgInfo -expandbuildsettings -format binary -platform iphonesimulator -additionalcontentfile /tmp/wt-proto-dd-0/Build/Intermediates.noindex/RedesignPrototype.build/Debug-iphonesimulator/RedesignPrototype.build/assetcatalog_generated_info.plist -o /tmp/wt-proto-dd-0/Build/Products/Debug-iphonesimulator/RedesignPrototype.app/Info.plist

CodeSign /tmp/wt-proto-dd-0/Build/Products/Debug-iphonesimulator/RedesignPrototype.app/RedesignPrototype.debug.dylib (in target 'RedesignPrototype' from project 'RedesignPrototype')
    cd /tmp/wt-proto-build-0
    
    Signing Identity:     "Sign to Run Locally"
    
    /usr/bin/codesign --force --sign - --timestamp\=none --generate-entitlement-der /tmp/wt-proto-dd-0/Build/Products/Debug-iphonesimulator/RedesignPrototype.app/RedesignPrototype.debug.dylib

CodeSign /tmp/wt-proto-dd-0/Build/Products/Debug-iphonesimulator/RedesignPrototype.app/__preview.dylib (in target 'RedesignPrototype' from project 'RedesignPrototype')
    cd /tmp/wt-proto-build-0
    
    Signing Identity:     "Sign to Run Locally"
    
    /usr/bin/codesign --force --sign - --timestamp\=none --generate-entitlement-der /tmp/wt-proto-dd-0/Build/Products/Debug-iphonesimulator/RedesignPrototype.app/__preview.dylib

CodeSign /tmp/wt-proto-dd-0/Build/Products/Debug-iphonesimulator/RedesignPrototype.app (in target 'RedesignPrototype' from project 'RedesignPrototype')
    cd /tmp/wt-proto-build-0
    
    Signing Identity:     "Sign to Run Locally"
    
    /usr/bin/codesign --force --sign - --timestamp\=none --generate-entitlement-der /tmp/wt-proto-dd-0/Build/Products/Debug-iphonesimulator/RedesignPrototype.app

Validate /tmp/wt-proto-dd-0/Build/Products/Debug-iphonesimulator/RedesignPrototype.app (in target 'RedesignPrototype' from project 'RedesignPrototype')
    cd /tmp/wt-proto-build-0
    builtin-validationUtility /tmp/wt-proto-dd-0/Build/Products/Debug-iphonesimulator/RedesignPrototype.app -shallow-bundle -infoplist-subpath Info.plist

PruneExplicitPrecompiledModules /tmp/wt-proto-dd-0/Build/Intermediates.noindex/SwiftExplicitPrecompiledModules

PruneExplicitPrecompiledModules /tmp/wt-proto-dd-0/SDKExplicitPrecompiledModules

PruneExplicitPrecompiledModules /tmp/wt-proto-dd-0/Build/Intermediates.noindex/ExplicitPrecompiledModules

** BUILD SUCCEEDED **

