slot 0 (sim 9B1D17D2-347F-431C-AC6D-F019BAB675CA) acquired 03:04:47 for all
build ok
/tmp/wt-floodlight/settings/work-record/redesign-floodlight/reference/prototype-settings/light/X01-final.png
/tmp/wt-floodlight/settings/work-record/redesign-floodlight/reference/prototype-settings/light/X01-final-axl.png
/tmp/wt-floodlight/settings/work-record/redesign-floodlight/reference/prototype-settings/light/X01-p2-final.png
/tmp/wt-floodlight/settings/work-record/redesign-floodlight/reference/prototype-settings/light/X01-p2-final-axl.png
/tmp/wt-floodlight/settings/work-record/redesign-floodlight/reference/prototype-settings/light/X01-p3-final.png
/tmp/wt-floodlight/settings/work-record/redesign-floodlight/reference/prototype-settings/light/X01-p3-final-axl.png
/tmp/wt-floodlight/settings/work-record/redesign-floodlight/reference/prototype-settings/light/X01-metric-final.png
/tmp/wt-floodlight/settings/work-record/redesign-floodlight/reference/prototype-settings/light/X01-metric-final-axl.png
/tmp/wt-floodlight/settings/work-record/redesign-floodlight/reference/prototype-settings/light/X02-final.png
/tmp/wt-floodlight/settings/work-record/redesign-floodlight/reference/prototype-settings/light/X02-final-axl.png
/tmp/wt-floodlight/settings/work-record/redesign-floodlight/reference/prototype-settings/light/X02-noKey-final.png
/tmp/wt-floodlight/settings/work-record/redesign-floodlight/reference/prototype-settings/light/X02-noKey-final-axl.png
/tmp/wt-floodlight/settings/work-record/redesign-floodlight/reference/prototype-settings/light/X02-typing-final.png
/tmp/wt-floodlight/settings/work-record/redesign-floodlight/reference/prototype-settings/light/X02-typing-final-axl.png
/tmp/wt-floodlight/settings/work-record/redesign-floodlight/reference/prototype-settings/light/X02-remove-final.png
/tmp/wt-floodlight/settings/work-record/redesign-floodlight/reference/prototype-settings/light/X02-remove-final-axl.png
/tmp/wt-floodlight/settings/work-record/redesign-floodlight/reference/prototype-settings/light/X03-final.png
/tmp/wt-floodlight/settings/work-record/redesign-floodlight/reference/prototype-settings/light/X03-final-axl.png
/tmp/wt-floodlight/settings/work-record/redesign-floodlight/reference/prototype-settings/light/X03-failure-final.png
/tmp/wt-floodlight/settings/work-record/redesign-floodlight/reference/prototype-settings/light/X03-failure-final-axl.png
/tmp/wt-floodlight/settings/work-record/redesign-floodlight/reference/prototype-settings/light/X03-done-final.png
/tmp/wt-floodlight/settings/work-record/redesign-floodlight/reference/prototype-settings/light/X03-done-final-axl.png
/tmp/wt-floodlight/settings/work-record/redesign-floodlight/reference/prototype-settings/light/X03-exporting-final.png
/tmp/wt-floodlight/settings/work-record/redesign-floodlight/reference/prototype-settings/light/X03-exporting-final-axl.png
