slot 0 (sim 9B1D17D2-347F-431C-AC6D-F019BAB675CA) acquired 23:52:54 for all
build ok
/tmp/wt-floodlight/cardio/work-record/redesign-floodlight/reference/prototype-cardio/light/C01-final.png
/tmp/wt-floodlight/cardio/work-record/redesign-floodlight/reference/prototype-cardio/light/C01-final-axl.png
/tmp/wt-floodlight/cardio/work-record/redesign-floodlight/reference/prototype-cardio/light/C01-planned-final.png
/tmp/wt-floodlight/cardio/work-record/redesign-floodlight/reference/prototype-cardio/light/C01-planned-final-axl.png
/tmp/wt-floodlight/cardio/work-record/redesign-floodlight/reference/prototype-cardio/light/C01-replace-final.png
/tmp/wt-floodlight/cardio/work-record/redesign-floodlight/reference/prototype-cardio/light/C01-replace-final-axl.png
/tmp/wt-floodlight/cardio/work-record/redesign-floodlight/reference/prototype-cardio/light/C01-p2-final.png
/tmp/wt-floodlight/cardio/work-record/redesign-floodlight/reference/prototype-cardio/light/C01-p2-final-axl.png
/tmp/wt-floodlight/cardio/work-record/redesign-floodlight/reference/prototype-cardio/light/C02-final.png
/tmp/wt-floodlight/cardio/work-record/redesign-floodlight/reference/prototype-cardio/light/C02-final-axl.png
/tmp/wt-floodlight/cardio/work-record/redesign-floodlight/reference/prototype-cardio/light/C02-p2-final.png
/tmp/wt-floodlight/cardio/work-record/redesign-floodlight/reference/prototype-cardio/light/C02-p2-final-axl.png
/tmp/wt-floodlight/cardio/work-record/redesign-floodlight/reference/prototype-cardio/light/C02-planned-final.png
/tmp/wt-floodlight/cardio/work-record/redesign-floodlight/reference/prototype-cardio/light/C02-planned-final-axl.png
/tmp/wt-floodlight/cardio/work-record/redesign-floodlight/reference/prototype-cardio/light/C02-noCardio-final.png
/tmp/wt-floodlight/cardio/work-record/redesign-floodlight/reference/prototype-cardio/light/C02-noCardio-final-axl.png
/tmp/wt-floodlight/cardio/work-record/redesign-floodlight/reference/prototype-cardio/light/C02-cycle-final.png
/tmp/wt-floodlight/cardio/work-record/redesign-floodlight/reference/prototype-cardio/light/C02-cycle-final-axl.png
/tmp/wt-floodlight/cardio/work-record/redesign-floodlight/reference/prototype-cardio/light/C02-met-final.png
/tmp/wt-floodlight/cardio/work-record/redesign-floodlight/reference/prototype-cardio/light/C02-met-final-axl.png
/tmp/wt-floodlight/cardio/work-record/redesign-floodlight/reference/prototype-cardio/light/C02-manual-final.png
/tmp/wt-floodlight/cardio/work-record/redesign-floodlight/reference/prototype-cardio/light/C02-manual-final-axl.png
/tmp/wt-floodlight/cardio/work-record/redesign-floodlight/reference/prototype-cardio/light/C02-ended-final.png
/tmp/wt-floodlight/cardio/work-record/redesign-floodlight/reference/prototype-cardio/light/C02-ended-final-axl.png
/tmp/wt-floodlight/cardio/work-record/redesign-floodlight/reference/prototype-cardio/light/C02-ended+p2-final.png
/tmp/wt-floodlight/cardio/work-record/redesign-floodlight/reference/prototype-cardio/light/C02-ended+p2-final-axl.png
/tmp/wt-floodlight/cardio/work-record/redesign-floodlight/reference/prototype-cardio/light/C02-lifting-final.png
/tmp/wt-floodlight/cardio/work-record/redesign-floodlight/reference/prototype-cardio/light/C02-lifting-final-axl.png
/tmp/wt-floodlight/cardio/work-record/redesign-floodlight/reference/prototype-cardio/light/C02-noMax-final.png
/tmp/wt-floodlight/cardio/work-record/redesign-floodlight/reference/prototype-cardio/light/C02-noMax-final-axl.png
/tmp/wt-floodlight/cardio/work-record/redesign-floodlight/reference/prototype-cardio/light/C03-final.png
/tmp/wt-floodlight/cardio/work-record/redesign-floodlight/reference/prototype-cardio/light/C03-final-axl.png
/tmp/wt-floodlight/cardio/work-record/redesign-floodlight/reference/prototype-cardio/light/C04-final.png
/tmp/wt-floodlight/cardio/work-record/redesign-floodlight/reference/prototype-cardio/light/C04-final-axl.png
/tmp/wt-floodlight/cardio/work-record/redesign-floodlight/reference/prototype-cardio/light/C04-gpsLost-final.png
/tmp/wt-floodlight/cardio/work-record/redesign-floodlight/reference/prototype-cardio/light/C04-gpsLost-final-axl.png
/tmp/wt-floodlight/cardio/work-record/redesign-floodlight/reference/prototype-cardio/light/C04-acquiring-final.png
/tmp/wt-floodlight/cardio/work-record/redesign-floodlight/reference/prototype-cardio/light/C04-acquiring-final-axl.png
/tmp/wt-floodlight/cardio/work-record/redesign-floodlight/reference/prototype-cardio/light/C05-final.png
/tmp/wt-floodlight/cardio/work-record/redesign-floodlight/reference/prototype-cardio/light/C05-final-axl.png
/tmp/wt-floodlight/cardio/work-record/redesign-floodlight/reference/prototype-cardio/light/C05-typed-final.png
/tmp/wt-floodlight/cardio/work-record/redesign-floodlight/reference/prototype-cardio/light/C05-typed-final-axl.png
/tmp/wt-floodlight/cardio/work-record/redesign-floodlight/reference/prototype-cardio/light/C05-invalid-final.png
/tmp/wt-floodlight/cardio/work-record/redesign-floodlight/reference/prototype-cardio/light/C05-invalid-final-axl.png
/tmp/wt-floodlight/cardio/work-record/redesign-floodlight/reference/prototype-cardio/light/C05-km-final.png
/tmp/wt-floodlight/cardio/work-record/redesign-floodlight/reference/prototype-cardio/light/C05-km-final-axl.png
/tmp/wt-floodlight/cardio/work-record/redesign-floodlight/reference/prototype-cardio/light/F02-final.png
/tmp/wt-floodlight/cardio/work-record/redesign-floodlight/reference/prototype-cardio/light/F02-final-axl.png
/tmp/wt-floodlight/cardio/work-record/redesign-floodlight/reference/prototype-cardio/light/F02-p2-final.png
/tmp/wt-floodlight/cardio/work-record/redesign-floodlight/reference/prototype-cardio/light/F02-p2-final-axl.png
/tmp/wt-floodlight/cardio/work-record/redesign-floodlight/reference/prototype-cardio/light/H04-final.png
/tmp/wt-floodlight/cardio/work-record/redesign-floodlight/reference/prototype-cardio/light/H04-final-axl.png
/tmp/wt-floodlight/cardio/work-record/redesign-floodlight/reference/prototype-cardio/light/H04-p2-final.png
/tmp/wt-floodlight/cardio/work-record/redesign-floodlight/reference/prototype-cardio/light/H04-p2-final-axl.png
/tmp/wt-floodlight/cardio/work-record/redesign-floodlight/reference/prototype-cardio/light/H04-p3-final.png
/tmp/wt-floodlight/cardio/work-record/redesign-floodlight/reference/prototype-cardio/light/H04-p3-final-axl.png
