Command line invocation:
    /Applications/Xcode.app/Contents/Developer/usr/bin/xcodebuild -project /tmp/wt-proto-build-0/RedesignPrototype.xcodeproj -scheme RedesignPrototype -destination "platform=iOS Simulator,id=9B1D17D2-347F-431C-AC6D-F019BAB675CA" -derivedDataPath /tmp/wt-proto-dd-0 build

2026-09-28 17:46:50.641 xcodebuild[78301:27820870] [MT] IDERunDestination: Supported platforms for the buildables in the current scheme is empty.
ComputePackagePrebuildTargetDependencyGraph

Prepare packages

CreateBuildRequest

SendProjectDescription

CreateBuildOperation

ComputeTargetDependencyGraph
note: Building targets in dependency order
note: Target dependency graph (1 target)
    Target 'RedesignPrototype' in project 'RedesignPrototype' (no dependencies)

GatherProvisioningInputs

CreateBuildDescription

ExecuteExternalTool /Applications/Xcode.app/Contents/Developer/Toolchains/XcodeDefault.xctoolchain/usr/bin/clang -v -E -dM -isysroot /Applications/Xcode.app/Contents/Developer/Platforms/iPhoneSimulator.platform/Developer/SDKs/iPhoneSimulator27.0.sdk -x c -c /dev/null

ExecuteExternalTool /Applications/Xcode.app/Contents/Developer/usr/bin/actool --print-asset-tag-combinations --output-format xml1 /tmp/wt-proto-build-0/Sources/Assets.xcassets

ExecuteExternalTool /Applications/Xcode.app/Contents/Developer/usr/bin/actool --version --output-format xml1

ExecuteExternalTool /Applications/Xcode.app/Contents/Developer/Toolchains/XcodeDefault.xctoolchain/usr/bin/swiftc --version

ExecuteExternalTool /Applications/Xcode.app/Contents/Developer/Toolchains/XcodeDefault.xctoolchain/usr/bin/ld -version_details

Build description signature: 1434a86859b851331734a7a0ea2b77ca
Build description path: /tmp/wt-proto-dd-0/Build/Intermediates.noindex/XCBuildData/1434a86859b851331734a7a0ea2b77ca.xcbuilddata
ClangStatCache /Applications/Xcode.app/Contents/Developer/Toolchains/XcodeDefault.xctoolchain/usr/bin/clang-stat-cache /Applications/Xcode.app/Contents/Developer/Platforms/iPhoneSimulator.platform/Developer/SDKs/iPhoneSimulator27.0.sdk /tmp/wt-proto-dd-0/SDKStatCaches.noindex/iphonesimulator27.0-24A430-8dc58220667be655e1bcc261a7455254.sdkstatcache
    cd /tmp/wt-proto-build-0/RedesignPrototype.xcodeproj
    /Applications/Xcode.app/Contents/Developer/Toolchains/XcodeDefault.xctoolchain/usr/bin/clang-stat-cache /Applications/Xcode.app/Contents/Developer/Platforms/iPhoneSimulator.platform/Developer/SDKs/iPhoneSimulator27.0.sdk -o /tmp/wt-proto-dd-0/SDKStatCaches.noindex/iphonesimulator27.0-24A430-8dc58220667be655e1bcc261a7455254.sdkstatcache

ProcessInfoPlistFile /tmp/wt-proto-dd-0/Build/Products/Debug-iphonesimulator/RedesignPrototype.app/Info.plist /tmp/wt-proto-dd-0/Build/Intermediates.noindex/RedesignPrototype.build/Debug-iphonesimulator/RedesignPrototype.build/empty-RedesignPrototype.plist (in target 'RedesignPrototype' from project 'RedesignPrototype')
    cd /tmp/wt-proto-build-0
    builtin-infoPlistUtility /tmp/wt-proto-dd-0/Build/Intermediates.noindex/RedesignPrototype.build/Debug-iphonesimulator/RedesignPrototype.build/empty-RedesignPrototype.plist -producttype com.apple.product-type.application -genpkginfo /tmp/wt-proto-dd-0/Build/Products/Debug-iphonesimulator/RedesignPrototype.app/PkgInfo -expandbuildsettings -format binary -platform iphonesimulator -additionalcontentfile /tmp/wt-proto-dd-0/Build/Intermediates.noindex/RedesignPrototype.build/Debug-iphonesimulator/RedesignPrototype.build/assetcatalog_generated_info.plist -o /tmp/wt-proto-dd-0/Build/Products/Debug-iphonesimulator/RedesignPrototype.app/Info.plist

CopySwiftLibs /tmp/wt-proto-dd-0/Build/Products/Debug-iphonesimulator/RedesignPrototype.app (in target 'RedesignPrototype' from project 'RedesignPrototype')
    cd /tmp/wt-proto-build-0
    builtin-swiftStdLibTool --copy --verbose --sign - --scan-executable /tmp/wt-proto-dd-0/Build/Products/Debug-iphonesimulator/RedesignPrototype.app/RedesignPrototype.debug.dylib --scan-folder /tmp/wt-proto-dd-0/Build/Products/Debug-iphonesimulator/RedesignPrototype.app/Frameworks --scan-folder /tmp/wt-proto-dd-0/Build/Products/Debug-iphonesimulator/RedesignPrototype.app/PlugIns --scan-folder /tmp/wt-proto-dd-0/Build/Products/Debug-iphonesimulator/RedesignPrototype.app/SystemExtensions --scan-folder /tmp/wt-proto-dd-0/Build/Products/Debug-iphonesimulator/RedesignPrototype.app/Extensions --platform iphonesimulator --toolchain /Applications/Xcode.app/Contents/Developer/Toolchains/XcodeDefault.xctoolchain --destination /tmp/wt-proto-dd-0/Build/Products/Debug-iphonesimulator/RedesignPrototype.app/Frameworks --strip-bitcode --strip-bitcode-tool /Applications/Xcode.app/Contents/Developer/Toolchains/XcodeDefault.xctoolchain/usr/bin/bitcode_strip --emit-dependency-info /tmp/wt-proto-dd-0/Build/Intermediates.noindex/RedesignPrototype.build/Debug-iphonesimulator/RedesignPrototype.build/SwiftStdLibToolInputDependencies.dep --filter-for-swift-os

PruneExplicitPrecompiledModules /tmp/wt-proto-dd-0/Build/Intermediates.noindex/ExplicitPrecompiledModules

PruneExplicitPrecompiledModules /tmp/wt-proto-dd-0/SDKExplicitPrecompiledModules

PruneExplicitPrecompiledModules /tmp/wt-proto-dd-0/Build/Intermediates.noindex/SwiftExplicitPrecompiledModules

** BUILD SUCCEEDED **

